[0.151s] DEBUG:colcon:Command line arguments: ['/usr/bin/colcon', 'build']
[0.152s] DEBUG:colcon:Parsed command line arguments: Namespace(log_base=None, log_level=None, verb_name='build', build_base='build', install_base='install', merge_install=False, symlink_install=False, test_result_base=None, continue_on_error=False, executor='parallel', parallel_workers=8, event_handlers=None, ignore_user_meta=False, metas=['./colcon.meta'], base_paths=['.'], packages_ignore=None, packages_ignore_regex=None, paths=None, packages_up_to=None, packages_up_to_regex=None, packages_above=None, packages_above_and_dependencies=None, packages_above_depth=None, packages_select_by_dep=None, packages_skip_by_dep=None, packages_skip_up_to=None, packages_select_build_failed=False, packages_skip_build_finished=False, packages_select_test_failures=False, packages_skip_test_passed=False, packages_select=None, packages_skip=None, packages_select_regex=None, packages_skip_regex=None, packages_start=None, packages_end=None, allow_overriding=[], cmake_args=None, cmake_target=None, cmake_target_skip_unavailable=False, cmake_clean_cache=False, cmake_clean_first=False, cmake_force_configure=False, ament_cmake_args=None, catkin_cmake_args=None, catkin_skip_building_tests=False, mixin_files=None, mixin=None, verb_parser=<colcon_mixin.mixin.mixin_argument.MixinArgumentDecorator object at 0x7db3235adc10>, verb_extension=<colcon_core.verb.build.BuildVerb object at 0x7db3247fe540>, main=<bound method BuildVerb.main of <colcon_core.verb.build.BuildVerb object at 0x7db3247fe540>>, mixin_verb=('build',))
[0.206s] Level 1:colcon.colcon_core.package_discovery:discover_packages(colcon_meta) check parameters
[0.206s] Level 1:colcon.colcon_core.package_discovery:discover_packages(recursive) check parameters
[0.206s] Level 1:colcon.colcon_core.package_discovery:discover_packages(ignore) check parameters
[0.206s] Level 1:colcon.colcon_core.package_discovery:discover_packages(path) check parameters
[0.206s] Level 1:colcon.colcon_core.package_discovery:discover_packages(colcon_meta) discover
[0.207s] Level 1:colcon.colcon_core.package_discovery:discover_packages(recursive) discover
[0.207s] INFO:colcon.colcon_core.package_discovery:Crawling recursively for packages in '/home/alfieeagle/Documents/uni/Thesis/ros_wrapper'
[0.207s] Level 1:colcon.colcon_core.package_identification:_identify(.) by extensions ['ignore', 'ignore_ament_install']
[0.207s] Level 1:colcon.colcon_core.package_identification:_identify(.) by extension 'ignore'
[0.207s] Level 1:colcon.colcon_core.package_identification:_identify(.) by extension 'ignore_ament_install'
[0.207s] Level 1:colcon.colcon_core.package_identification:_identify(.) by extensions ['colcon_pkg']
[0.207s] Level 1:colcon.colcon_core.package_identification:_identify(.) by extension 'colcon_pkg'
[0.207s] Level 1:colcon.colcon_core.package_identification:_identify(.) by extensions ['colcon_meta']
[0.207s] Level 1:colcon.colcon_core.package_identification:_identify(.) by extension 'colcon_meta'
[0.207s] Level 1:colcon.colcon_core.package_identification:_identify(.) by extensions ['ros']
[0.207s] Level 1:colcon.colcon_core.package_identification:_identify(.) by extension 'ros'
[0.242s] DEBUG:colcon.colcon_core.package_identification:Package '.' with type 'ros.ament_cmake' and name 'ros_wrapper'
[0.242s] Level 1:colcon.colcon_core.package_discovery:discover_packages(recursive) using defaults
[0.242s] Level 1:colcon.colcon_core.package_discovery:discover_packages(ignore) discover
[0.242s] Level 1:colcon.colcon_core.package_discovery:discover_packages(ignore) using defaults
[0.242s] Level 1:colcon.colcon_core.package_discovery:discover_packages(path) discover
[0.242s] Level 1:colcon.colcon_core.package_discovery:discover_packages(path) using defaults
[0.263s] Level 1:colcon.colcon_core.package_discovery:discover_packages(prefix_path) check parameters
[0.263s] Level 1:colcon.colcon_core.package_discovery:discover_packages(prefix_path) discover
[0.267s] DEBUG:colcon.colcon_installed_package_information.package_discovery:Found 15 installed packages in /home/alfieeagle/Documents/uni/turtlebot3_ws/install
[0.269s] DEBUG:colcon.colcon_installed_package_information.package_discovery:Found 383 installed packages in /opt/ros/jazzy
[0.271s] Level 1:colcon.colcon_core.package_discovery:discover_packages(prefix_path) using defaults
[0.338s] Level 5:colcon.colcon_core.verb:set package 'ros_wrapper' build argument 'cmake_args' from command line to 'None'
[0.338s] Level 5:colcon.colcon_core.verb:set package 'ros_wrapper' build argument 'cmake_target' from command line to 'None'
[0.338s] Level 5:colcon.colcon_core.verb:set package 'ros_wrapper' build argument 'cmake_target_skip_unavailable' from command line to 'False'
[0.339s] Level 5:colcon.colcon_core.verb:set package 'ros_wrapper' build argument 'cmake_clean_cache' from command line to 'False'
[0.339s] Level 5:colcon.colcon_core.verb:set package 'ros_wrapper' build argument 'cmake_clean_first' from command line to 'False'
[0.339s] Level 5:colcon.colcon_core.verb:set package 'ros_wrapper' build argument 'cmake_force_configure' from command line to 'False'
[0.339s] Level 5:colcon.colcon_core.verb:set package 'ros_wrapper' build argument 'ament_cmake_args' from command line to 'None'
[0.339s] Level 5:colcon.colcon_core.verb:set package 'ros_wrapper' build argument 'catkin_cmake_args' from command line to 'None'
[0.339s] Level 5:colcon.colcon_core.verb:set package 'ros_wrapper' build argument 'catkin_skip_building_tests' from command line to 'False'
[0.339s] DEBUG:colcon.colcon_core.verb:Building package 'ros_wrapper' with the following arguments: {'ament_cmake_args': None, 'build_base': '/home/alfieeagle/Documents/uni/Thesis/ros_wrapper/build/ros_wrapper', 'catkin_cmake_args': None, 'catkin_skip_building_tests': False, 'cmake_args': None, 'cmake_clean_cache': False, 'cmake_clean_first': False, 'cmake_force_configure': False, 'cmake_target': None, 'cmake_target_skip_unavailable': False, 'install_base': '/home/alfieeagle/Documents/uni/Thesis/ros_wrapper/install/ros_wrapper', 'merge_install': False, 'path': '/home/alfieeagle/Documents/uni/Thesis/ros_wrapper', 'symlink_install': False, 'test_result_base': None}
[0.339s] INFO:colcon.colcon_core.executor:Executing jobs using 'parallel' executor
[0.340s] DEBUG:colcon.colcon_parallel_executor.executor.parallel:run_until_complete
[0.340s] INFO:colcon.colcon_ros.task.ament_cmake.build:Building ROS package in '/home/alfieeagle/Documents/uni/Thesis/ros_wrapper' with build type 'ament_cmake'
[0.340s] INFO:colcon.colcon_cmake.task.cmake.build:Building CMake package in '/home/alfieeagle/Documents/uni/Thesis/ros_wrapper'
[0.342s] INFO:colcon.colcon_core.plugin_system:Skipping extension 'colcon_core.shell.bat': Not used on non-Windows systems
[0.342s] INFO:colcon.colcon_core.shell:Skip shell extension 'powershell' for command environment: Not usable outside of PowerShell
[0.342s] DEBUG:colcon.colcon_core.shell:Skip shell extension 'dsv' for command environment
[0.356s] DEBUG:colcon.colcon_core.event_handler.log_command:Invoking command in '/home/alfieeagle/Documents/uni/Thesis/ros_wrapper/build/ros_wrapper': CMAKE_PREFIX_PATH=${CMAKE_PREFIX_PATH}:/home/alfieeagle/Documents/uni/turtlebot3_ws/install/turtlebot3_teleop:/home/alfieeagle/Documents/uni/turtlebot3_ws/install/turtlebot3_example:/opt/ros/jazzy DEBUGINFOD_URLS=https://debuginfod.ubuntu.com /usr/bin/cmake --build /home/alfieeagle/Documents/uni/Thesis/ros_wrapper/build/ros_wrapper -- -j8 -l8
[0.780s] DEBUG:colcon.colcon_core.event_handler.log_command:Invoked command in '/home/alfieeagle/Documents/uni/Thesis/ros_wrapper/build/ros_wrapper' returned '0': CMAKE_PREFIX_PATH=${CMAKE_PREFIX_PATH}:/home/alfieeagle/Documents/uni/turtlebot3_ws/install/turtlebot3_teleop:/home/alfieeagle/Documents/uni/turtlebot3_ws/install/turtlebot3_example:/opt/ros/jazzy DEBUGINFOD_URLS=https://debuginfod.ubuntu.com /usr/bin/cmake --build /home/alfieeagle/Documents/uni/Thesis/ros_wrapper/build/ros_wrapper -- -j8 -l8
[0.795s] DEBUG:colcon.colcon_core.event_handler.log_command:Invoking command in '/home/alfieeagle/Documents/uni/Thesis/ros_wrapper/build/ros_wrapper': CMAKE_PREFIX_PATH=${CMAKE_PREFIX_PATH}:/home/alfieeagle/Documents/uni/turtlebot3_ws/install/turtlebot3_teleop:/home/alfieeagle/Documents/uni/turtlebot3_ws/install/turtlebot3_example:/opt/ros/jazzy DEBUGINFOD_URLS=https://debuginfod.ubuntu.com /usr/bin/cmake --install /home/alfieeagle/Documents/uni/Thesis/ros_wrapper/build/ros_wrapper
[0.810s] Level 1:colcon.colcon_core.environment:create_environment_scripts_only(ros_wrapper)
[0.811s] DEBUG:colcon.colcon_core.event_handler.log_command:Invoked command in '/home/alfieeagle/Documents/uni/Thesis/ros_wrapper/build/ros_wrapper' returned '0': CMAKE_PREFIX_PATH=${CMAKE_PREFIX_PATH}:/home/alfieeagle/Documents/uni/turtlebot3_ws/install/turtlebot3_teleop:/home/alfieeagle/Documents/uni/turtlebot3_ws/install/turtlebot3_example:/opt/ros/jazzy DEBUGINFOD_URLS=https://debuginfod.ubuntu.com /usr/bin/cmake --install /home/alfieeagle/Documents/uni/Thesis/ros_wrapper/build/ros_wrapper
[0.814s] Level 1:colcon.colcon_core.environment:checking '/home/alfieeagle/Documents/uni/Thesis/ros_wrapper/install/ros_wrapper' for CMake module files
[0.814s] Level 1:colcon.colcon_core.environment:checking '/home/alfieeagle/Documents/uni/Thesis/ros_wrapper/install/ros_wrapper' for CMake config files
[0.815s] Level 1:colcon.colcon_core.shell:create_environment_hook('ros_wrapper', 'cmake_prefix_path')
[0.815s] INFO:colcon.colcon_core.shell:Creating environment hook '/home/alfieeagle/Documents/uni/Thesis/ros_wrapper/install/ros_wrapper/share/ros_wrapper/hook/cmake_prefix_path.ps1'
[0.816s] INFO:colcon.colcon_core.shell:Creating environment descriptor '/home/alfieeagle/Documents/uni/Thesis/ros_wrapper/install/ros_wrapper/share/ros_wrapper/hook/cmake_prefix_path.dsv'
[0.816s] INFO:colcon.colcon_core.shell:Creating environment hook '/home/alfieeagle/Documents/uni/Thesis/ros_wrapper/install/ros_wrapper/share/ros_wrapper/hook/cmake_prefix_path.sh'
[0.817s] Level 1:colcon.colcon_core.environment:checking '/home/alfieeagle/Documents/uni/Thesis/ros_wrapper/install/ros_wrapper/lib'
[0.818s] Level 1:colcon.colcon_core.environment:checking '/home/alfieeagle/Documents/uni/Thesis/ros_wrapper/install/ros_wrapper/bin'
[0.818s] Level 1:colcon.colcon_core.environment:checking '/home/alfieeagle/Documents/uni/Thesis/ros_wrapper/install/ros_wrapper/lib/pkgconfig/ros_wrapper.pc'
[0.818s] Level 1:colcon.colcon_core.environment:checking '/home/alfieeagle/Documents/uni/Thesis/ros_wrapper/install/ros_wrapper/lib/python3.12/site-packages'
[0.819s] Level 1:colcon.colcon_core.environment:checking '/home/alfieeagle/Documents/uni/Thesis/ros_wrapper/install/ros_wrapper/bin'
[0.819s] INFO:colcon.colcon_core.shell:Creating package script '/home/alfieeagle/Documents/uni/Thesis/ros_wrapper/install/ros_wrapper/share/ros_wrapper/package.ps1'
[0.821s] INFO:colcon.colcon_core.shell:Creating package descriptor '/home/alfieeagle/Documents/uni/Thesis/ros_wrapper/install/ros_wrapper/share/ros_wrapper/package.dsv'
[0.821s] INFO:colcon.colcon_core.shell:Creating package script '/home/alfieeagle/Documents/uni/Thesis/ros_wrapper/install/ros_wrapper/share/ros_wrapper/package.sh'
[0.822s] INFO:colcon.colcon_core.shell:Creating package script '/home/alfieeagle/Documents/uni/Thesis/ros_wrapper/install/ros_wrapper/share/ros_wrapper/package.bash'
[0.823s] INFO:colcon.colcon_core.shell:Creating package script '/home/alfieeagle/Documents/uni/Thesis/ros_wrapper/install/ros_wrapper/share/ros_wrapper/package.zsh'
[0.824s] Level 1:colcon.colcon_core.environment:create_file_with_runtime_dependencies(/home/alfieeagle/Documents/uni/Thesis/ros_wrapper/install/ros_wrapper/share/colcon-core/packages/ros_wrapper)
[0.825s] Level 1:colcon.colcon_core.environment:create_environment_scripts_only(ros_wrapper)
[0.825s] Level 1:colcon.colcon_core.environment:checking '/home/alfieeagle/Documents/uni/Thesis/ros_wrapper/install/ros_wrapper' for CMake module files
[0.826s] Level 1:colcon.colcon_core.environment:checking '/home/alfieeagle/Documents/uni/Thesis/ros_wrapper/install/ros_wrapper' for CMake config files
[0.826s] Level 1:colcon.colcon_core.shell:create_environment_hook('ros_wrapper', 'cmake_prefix_path')
[0.826s] INFO:colcon.colcon_core.shell:Creating environment hook '/home/alfieeagle/Documents/uni/Thesis/ros_wrapper/install/ros_wrapper/share/ros_wrapper/hook/cmake_prefix_path.ps1'
[0.827s] INFO:colcon.colcon_core.shell:Creating environment descriptor '/home/alfieeagle/Documents/uni/Thesis/ros_wrapper/install/ros_wrapper/share/ros_wrapper/hook/cmake_prefix_path.dsv'
[0.827s] INFO:colcon.colcon_core.shell:Creating environment hook '/home/alfieeagle/Documents/uni/Thesis/ros_wrapper/install/ros_wrapper/share/ros_wrapper/hook/cmake_prefix_path.sh'
[0.828s] Level 1:colcon.colcon_core.environment:checking '/home/alfieeagle/Documents/uni/Thesis/ros_wrapper/install/ros_wrapper/lib'
[0.828s] Level 1:colcon.colcon_core.environment:checking '/home/alfieeagle/Documents/uni/Thesis/ros_wrapper/install/ros_wrapper/bin'
[0.828s] Level 1:colcon.colcon_core.environment:checking '/home/alfieeagle/Documents/uni/Thesis/ros_wrapper/install/ros_wrapper/lib/pkgconfig/ros_wrapper.pc'
[0.828s] Level 1:colcon.colcon_core.environment:checking '/home/alfieeagle/Documents/uni/Thesis/ros_wrapper/install/ros_wrapper/lib/python3.12/site-packages'
[0.829s] Level 1:colcon.colcon_core.environment:checking '/home/alfieeagle/Documents/uni/Thesis/ros_wrapper/install/ros_wrapper/bin'
[0.829s] INFO:colcon.colcon_core.shell:Creating package script '/home/alfieeagle/Documents/uni/Thesis/ros_wrapper/install/ros_wrapper/share/ros_wrapper/package.ps1'
[0.829s] INFO:colcon.colcon_core.shell:Creating package descriptor '/home/alfieeagle/Documents/uni/Thesis/ros_wrapper/install/ros_wrapper/share/ros_wrapper/package.dsv'
[0.830s] INFO:colcon.colcon_core.shell:Creating package script '/home/alfieeagle/Documents/uni/Thesis/ros_wrapper/install/ros_wrapper/share/ros_wrapper/package.sh'
[0.831s] INFO:colcon.colcon_core.shell:Creating package script '/home/alfieeagle/Documents/uni/Thesis/ros_wrapper/install/ros_wrapper/share/ros_wrapper/package.bash'
[0.831s] INFO:colcon.colcon_core.shell:Creating package script '/home/alfieeagle/Documents/uni/Thesis/ros_wrapper/install/ros_wrapper/share/ros_wrapper/package.zsh'
[0.832s] Level 1:colcon.colcon_core.environment:create_file_with_runtime_dependencies(/home/alfieeagle/Documents/uni/Thesis/ros_wrapper/install/ros_wrapper/share/colcon-core/packages/ros_wrapper)
[0.833s] DEBUG:colcon.colcon_parallel_executor.executor.parallel:closing loop
[0.833s] DEBUG:colcon.colcon_parallel_executor.executor.parallel:loop closed
[0.833s] DEBUG:colcon.colcon_parallel_executor.executor.parallel:run_until_complete finished with '0'
[0.834s] DEBUG:colcon.colcon_core.event_reactor:joining thread
[0.840s] INFO:colcon.colcon_core.plugin_system:Skipping extension 'colcon_notification.desktop_notification.terminal_notifier': Not used on non-Darwin systems
[0.841s] INFO:colcon.colcon_core.plugin_system:Skipping extension 'colcon_notification.desktop_notification.win32': Not used on non-Windows systems
[0.841s] INFO:colcon.colcon_notification.desktop_notification:Sending desktop notification using 'notify2'
[0.854s] DEBUG:colcon.colcon_core.event_reactor:joined thread
[0.855s] INFO:colcon.colcon_core.shell:Creating prefix script '/home/alfieeagle/Documents/uni/Thesis/ros_wrapper/install/local_setup.ps1'
[0.856s] INFO:colcon.colcon_core.shell:Creating prefix util module '/home/alfieeagle/Documents/uni/Thesis/ros_wrapper/install/_local_setup_util_ps1.py'
[0.859s] INFO:colcon.colcon_core.shell:Creating prefix chain script '/home/alfieeagle/Documents/uni/Thesis/ros_wrapper/install/setup.ps1'
[0.862s] INFO:colcon.colcon_core.shell:Creating prefix script '/home/alfieeagle/Documents/uni/Thesis/ros_wrapper/install/local_setup.sh'
[0.862s] INFO:colcon.colcon_core.shell:Creating prefix util module '/home/alfieeagle/Documents/uni/Thesis/ros_wrapper/install/_local_setup_util_sh.py'
[0.863s] INFO:colcon.colcon_core.shell:Creating prefix chain script '/home/alfieeagle/Documents/uni/Thesis/ros_wrapper/install/setup.sh'
[0.866s] INFO:colcon.colcon_core.shell:Creating prefix script '/home/alfieeagle/Documents/uni/Thesis/ros_wrapper/install/local_setup.bash'
[0.867s] INFO:colcon.colcon_core.shell:Creating prefix chain script '/home/alfieeagle/Documents/uni/Thesis/ros_wrapper/install/setup.bash'
[0.870s] INFO:colcon.colcon_core.shell:Creating prefix script '/home/alfieeagle/Documents/uni/Thesis/ros_wrapper/install/local_setup.zsh'
[0.871s] INFO:colcon.colcon_core.shell:Creating prefix chain script '/home/alfieeagle/Documents/uni/Thesis/ros_wrapper/install/setup.zsh'
