[0.012s] Invoking command in '/home/alfieeagle/Documents/uni/Thesis/ros_wrapper/build/ros_wrapper': CMAKE_PREFIX_PATH=${CMAKE_PREFIX_PATH}:/home/alfieeagle/Documents/uni/turtlebot3_ws/install/turtlebot3_teleop:/home/alfieeagle/Documents/uni/turtlebot3_ws/install/turtlebot3_example:/opt/ros/jazzy DEBUGINFOD_URLS=https://debuginfod.ubuntu.com /usr/bin/cmake --build /home/alfieeagle/Documents/uni/Thesis/ros_wrapper/build/ros_wrapper -- -j8 -l8
[0.044s] -- Found ament_cmake: 2.5.4 (/opt/ros/jazzy/share/ament_cmake/cmake)
[0.294s] -- Found ament_lint_auto: 0.17.3 (/opt/ros/jazzy/share/ament_lint_auto/cmake)
[0.419s] -- Added test 'cppcheck' to perform static code analysis on C / C++ code
[0.420s] -- Configured cppcheck include dirs: /home/alfieeagle/Documents/uni/Thesis/ros_wrapper/include;$<BUILD_INTERFACE:/home/alfieeagle/Documents/uni/Thesis/ros_wrapper/include>
[0.420s] -- Configured cppcheck exclude dirs and/or files: 
[0.423s] -- Added test 'flake8' to check Python code syntax and style conventions
[0.423s] -- Configured 'flake8' exclude dirs and/or files: 
[0.432s] -- Added test 'lint_cmake' to check CMake code style
[0.435s] -- Added test 'pep257' to check Python code against some of the docstring style conventions in PEP 257
[0.456s] -- Added test 'uncrustify' to check C / C++ code style
[0.457s] -- Configured uncrustify additional arguments: 
[0.460s] -- Added test 'xmllint' to check XML markup files
[0.462s] -- Configuring done (0.4s)
[0.464s] [31mCMake Error at CMakeLists.txt:20 (add_executable):
[0.464s]   Cannot find source file:
[0.464s] 
[0.464s]     src/vbs.cpp
[0.464s] 
[0.464s]   Tried extensions .c .C .c++ .cc .cpp .cxx .cu .mpp .m .M .mm .ixx .cppm
[0.464s]   .ccm .cxxm .c++m .h .hh .h++ .hm .hpp .hxx .in .txx .f .F .for .f77 .f90
[0.465s]   .f95 .f03 .hip .ispc
[0.465s] 
[0.465s] [0m
[0.465s] [31mCMake Error at CMakeLists.txt:20 (add_executable):
[0.465s]   No SOURCES given to target: buoyancy_node
[0.465s] 
[0.465s] [0m
[0.465s] [0mCMake Generate step failed.  Build files cannot be regenerated correctly.[0m
[0.466s] gmake: *** [Makefile:267: cmake_check_build_system] Error 1
[0.469s] Invoked command in '/home/alfieeagle/Documents/uni/Thesis/ros_wrapper/build/ros_wrapper' returned '2': CMAKE_PREFIX_PATH=${CMAKE_PREFIX_PATH}:/home/alfieeagle/Documents/uni/turtlebot3_ws/install/turtlebot3_teleop:/home/alfieeagle/Documents/uni/turtlebot3_ws/install/turtlebot3_example:/opt/ros/jazzy DEBUGINFOD_URLS=https://debuginfod.ubuntu.com /usr/bin/cmake --build /home/alfieeagle/Documents/uni/Thesis/ros_wrapper/build/ros_wrapper -- -j8 -l8
