-- The C compiler identification is GNU 13.3.0
-- The CXX compiler identification is GNU 13.3.0
-- Detecting C compiler ABI info
-- Detecting C compiler ABI info - done
-- Check for working C compiler: /usr/bin/cc - skipped
-- Detecting C compile features
-- Detecting C compile features - done
-- Detecting CXX compiler ABI info
-- Detecting CXX compiler ABI info - done
-- Check for working CXX compiler: /usr/bin/c++ - skipped
-- Detecting CXX compile features
-- Detecting CXX compile features - done
-- Found ament_cmake: 2.5.4 (/opt/ros/jazzy/share/ament_cmake/cmake)
-- Found Python3: /usr/bin/python3 (found version "3.12.3") found components: Interpreter 
-- Found ament_lint_auto: 0.17.3 (/opt/ros/jazzy/share/ament_lint_auto/cmake)
-- Added test 'cppcheck' to perform static code analysis on C / C++ code
-- Configured cppcheck include dirs: $<BUILD_INTERFACE:/home/alfieeagle/Documents/uni/Thesis/ros_wrapper/include>
-- Configured cppcheck exclude dirs and/or files: 
-- Added test 'lint_cmake' to check CMake code style
-- Added test 'uncrustify' to check C / C++ code style
-- Configured uncrustify additional arguments: 
-- Added test 'xmllint' to check XML markup files
-- Configuring done (3.5s)
-- Generating done (0.0s)
-- Build files have been written to: /home/alfieeagle/Documents/uni/Thesis/ros_wrapper/build/ros_wrapper
[ 50%] [32mBuilding CXX object CMakeFiles/buoyancy_node.dir/src/buoyancy_node.cpp.o[0m
[100%] [32m[1mLinking CXX executable buoyancy_node[0m
[100%] Built target buoyancy_node
-- Install configuration: ""
-- Installing: /home/alfieeagle/Documents/uni/Thesis/ros_wrapper/install/ros_wrapper/lib/ros_wrapper/buoyancy_node
-- Installing: /home/alfieeagle/Documents/uni/Thesis/ros_wrapper/install/ros_wrapper/share/ament_index/resource_index/package_run_dependencies/ros_wrapper
-- Installing: /home/alfieeagle/Documents/uni/Thesis/ros_wrapper/install/ros_wrapper/share/ament_index/resource_index/parent_prefix_path/ros_wrapper
-- Installing: /home/alfieeagle/Documents/uni/Thesis/ros_wrapper/install/ros_wrapper/share/ros_wrapper/environment/ament_prefix_path.sh
-- Installing: /home/alfieeagle/Documents/uni/Thesis/ros_wrapper/install/ros_wrapper/share/ros_wrapper/environment/ament_prefix_path.dsv
-- Installing: /home/alfieeagle/Documents/uni/Thesis/ros_wrapper/install/ros_wrapper/share/ros_wrapper/environment/path.sh
-- Installing: /home/alfieeagle/Documents/uni/Thesis/ros_wrapper/install/ros_wrapper/share/ros_wrapper/environment/path.dsv
-- Installing: /home/alfieeagle/Documents/uni/Thesis/ros_wrapper/install/ros_wrapper/share/ros_wrapper/local_setup.bash
-- Installing: /home/alfieeagle/Documents/uni/Thesis/ros_wrapper/install/ros_wrapper/share/ros_wrapper/local_setup.sh
-- Installing: /home/alfieeagle/Documents/uni/Thesis/ros_wrapper/install/ros_wrapper/share/ros_wrapper/local_setup.zsh
-- Installing: /home/alfieeagle/Documents/uni/Thesis/ros_wrapper/install/ros_wrapper/share/ros_wrapper/local_setup.dsv
-- Installing: /home/alfieeagle/Documents/uni/Thesis/ros_wrapper/install/ros_wrapper/share/ros_wrapper/package.dsv
-- Installing: /home/alfieeagle/Documents/uni/Thesis/ros_wrapper/install/ros_wrapper/share/ament_index/resource_index/packages/ros_wrapper
-- Installing: /home/alfieeagle/Documents/uni/Thesis/ros_wrapper/install/ros_wrapper/share/ros_wrapper/cmake/ros_wrapperConfig.cmake
-- Installing: /home/alfieeagle/Documents/uni/Thesis/ros_wrapper/install/ros_wrapper/share/ros_wrapper/cmake/ros_wrapperConfig-version.cmake
-- Installing: /home/alfieeagle/Documents/uni/Thesis/ros_wrapper/install/ros_wrapper/share/ros_wrapper/package.xml
