[0.014s] Invoking command in '/home/alfieeagle/Documents/uni/Thesis/ros_wrapper/build/ros_wrapper': CMAKE_PREFIX_PATH=${CMAKE_PREFIX_PATH}:/home/alfieeagle/Documents/uni/turtlebot3_ws/install/turtlebot3_teleop:/home/alfieeagle/Documents/uni/turtlebot3_ws/install/turtlebot3_example:/opt/ros/jazzy DEBUGINFOD_URLS=https://debuginfod.ubuntu.com /usr/bin/cmake --build /home/alfieeagle/Documents/uni/Thesis/ros_wrapper/build/ros_wrapper -- -j8 -l8
[0.088s] [100%] Built target buoyancy_node
[0.104s] Invoked command in '/home/alfieeagle/Documents/uni/Thesis/ros_wrapper/build/ros_wrapper' returned '0': CMAKE_PREFIX_PATH=${CMAKE_PREFIX_PATH}:/home/alfieeagle/Documents/uni/turtlebot3_ws/install/turtlebot3_teleop:/home/alfieeagle/Documents/uni/turtlebot3_ws/install/turtlebot3_example:/opt/ros/jazzy DEBUGINFOD_URLS=https://debuginfod.ubuntu.com /usr/bin/cmake --build /home/alfieeagle/Documents/uni/Thesis/ros_wrapper/build/ros_wrapper -- -j8 -l8
[0.120s] Invoking command in '/home/alfieeagle/Documents/uni/Thesis/ros_wrapper/build/ros_wrapper': CMAKE_PREFIX_PATH=${CMAKE_PREFIX_PATH}:/home/alfieeagle/Documents/uni/turtlebot3_ws/install/turtlebot3_teleop:/home/alfieeagle/Documents/uni/turtlebot3_ws/install/turtlebot3_example:/opt/ros/jazzy DEBUGINFOD_URLS=https://debuginfod.ubuntu.com /usr/bin/cmake --install /home/alfieeagle/Documents/uni/Thesis/ros_wrapper/build/ros_wrapper
[0.132s] -- Install configuration: ""
[0.132s] -- Up-to-date: /home/alfieeagle/Documents/uni/Thesis/ros_wrapper/install/ros_wrapper/lib/ros_wrapper/buoyancy_node
[0.132s] -- Up-to-date: /home/alfieeagle/Documents/uni/Thesis/ros_wrapper/install/ros_wrapper/share/ament_index/resource_index/package_run_dependencies/ros_wrapper
[0.133s] -- Up-to-date: /home/alfieeagle/Documents/uni/Thesis/ros_wrapper/install/ros_wrapper/share/ament_index/resource_index/parent_prefix_path/ros_wrapper
[0.133s] -- Up-to-date: /home/alfieeagle/Documents/uni/Thesis/ros_wrapper/install/ros_wrapper/share/ros_wrapper/environment/ament_prefix_path.sh
[0.133s] -- Up-to-date: /home/alfieeagle/Documents/uni/Thesis/ros_wrapper/install/ros_wrapper/share/ros_wrapper/environment/ament_prefix_path.dsv
[0.133s] -- Up-to-date: /home/alfieeagle/Documents/uni/Thesis/ros_wrapper/install/ros_wrapper/share/ros_wrapper/environment/path.sh
[0.133s] -- Up-to-date: /home/alfieeagle/Documents/uni/Thesis/ros_wrapper/install/ros_wrapper/share/ros_wrapper/environment/path.dsv
[0.134s] -- Up-to-date: /home/alfieeagle/Documents/uni/Thesis/ros_wrapper/install/ros_wrapper/share/ros_wrapper/local_setup.bash
[0.134s] -- Up-to-date: /home/alfieeagle/Documents/uni/Thesis/ros_wrapper/install/ros_wrapper/share/ros_wrapper/local_setup.sh
[0.134s] -- Up-to-date: /home/alfieeagle/Documents/uni/Thesis/ros_wrapper/install/ros_wrapper/share/ros_wrapper/local_setup.zsh
[0.134s] -- Up-to-date: /home/alfieeagle/Documents/uni/Thesis/ros_wrapper/install/ros_wrapper/share/ros_wrapper/local_setup.dsv
[0.134s] -- Installing: /home/alfieeagle/Documents/uni/Thesis/ros_wrapper/install/ros_wrapper/share/ros_wrapper/package.dsv
[0.134s] -- Up-to-date: /home/alfieeagle/Documents/uni/Thesis/ros_wrapper/install/ros_wrapper/share/ament_index/resource_index/packages/ros_wrapper
[0.134s] -- Up-to-date: /home/alfieeagle/Documents/uni/Thesis/ros_wrapper/install/ros_wrapper/share/ros_wrapper/cmake/ros_wrapperConfig.cmake
[0.135s] -- Up-to-date: /home/alfieeagle/Documents/uni/Thesis/ros_wrapper/install/ros_wrapper/share/ros_wrapper/cmake/ros_wrapperConfig-version.cmake
[0.135s] -- Up-to-date: /home/alfieeagle/Documents/uni/Thesis/ros_wrapper/install/ros_wrapper/share/ros_wrapper/package.xml
[0.136s] Invoked command in '/home/alfieeagle/Documents/uni/Thesis/ros_wrapper/build/ros_wrapper' returned '0': CMAKE_PREFIX_PATH=${CMAKE_PREFIX_PATH}:/home/alfieeagle/Documents/uni/turtlebot3_ws/install/turtlebot3_teleop:/home/alfieeagle/Documents/uni/turtlebot3_ws/install/turtlebot3_example:/opt/ros/jazzy DEBUGINFOD_URLS=https://debuginfod.ubuntu.com /usr/bin/cmake --install /home/alfieeagle/Documents/uni/Thesis/ros_wrapper/build/ros_wrapper
